
Allocating common symbols
Common symbol       size              file

Alarm_Monitor_State
                    0x4               Alarm_Monitor.o
Pressure_State      0x4               MainAlgo.o
Pressure_Sensor_State
                    0x4               Pressure_Sensor.o
Alarm_Monitor_State_t
                    0x1               MainAlgo.o
Alarm_Actuator_State
                    0x4               Alarm_Actuator.o
Pressure_State_t    0x1               MainAlgo.o
Pressure_Sensor_State_t
                    0x1               main.o
Alarm_Actuator_State_t
                    0x1               main.o

Memory Configuration

Name             Origin             Length             Attributes
flash            0x0000000000000000 0x0000000020000000 xr
sram             0x0000000020000000 0x0000000020000000 xrw
*default*        0x0000000000000000 0xffffffffffffffff

Linker script and memory map


.text           0x0000000000000000      0x400
 *(.vectors*)
 .vectors       0x0000000000000000       0x10 startup.o
                0x0000000000000000                g_p_fn_Vectors
 *(.text*)
 .text          0x0000000000000010       0x90 startup.o
                0x0000000000000010                H_Fault_Handler
                0x0000000000000010                Default_Handler
                0x0000000000000010                NMI_Handler
                0x000000000000001c                Reset_Handler
 .text          0x00000000000000a0       0x98 MainAlgo.o
                0x00000000000000a0                set_pressure_val
                0x00000000000000dc                ST_High_Pressure_Not_Detected_state
                0x0000000000000108                ST_High_Pressure_Detected_state
 .text          0x0000000000000138       0x88 main.o
                0x0000000000000138                setup
                0x0000000000000184                main
 .text          0x00000000000001c0       0x74 Pressure_Sensor.o
                0x00000000000001c0                Pressure_Sensor_init
                0x00000000000001cc                ST_Presure_Sensor_Waiting
                0x00000000000001fc                ST_Presure_Sensor_Reading
 .text          0x0000000000000234       0x74 Alarm_Actuator.o
                0x0000000000000234                Alarm_Actuator_init
                0x0000000000000240                StartAlarm
                0x000000000000025c                StopAlarm
                0x0000000000000278                ST_alarmON
                0x0000000000000290                ST_alarmOFF
 .text          0x00000000000002a8       0xc4 driver.o
                0x00000000000002a8                Delay
                0x00000000000002c8                getPressureVal
                0x00000000000002e0                Set_Alarm_actuator
                0x000000000000031c                GPIO_INITIALIZATION
 .text          0x000000000000036c       0x94 Alarm_Monitor.o
                0x000000000000036c                HighPressureDetected
                0x0000000000000388                ST_alarm_monitor_ON
                0x00000000000003ac                ST_alarm_monitor_OFF
                0x00000000000003d0                ST_alarm_monitor_waiting
 *(.rodata)
                0x0000000000000400                _E_text = .

.glue_7         0x0000000000000400        0x0
 .glue_7        0x0000000000000400        0x0 linker stubs

.glue_7t        0x0000000000000400        0x0
 .glue_7t       0x0000000000000400        0x0 linker stubs

.vfp11_veneer   0x0000000000000400        0x0
 .vfp11_veneer  0x0000000000000400        0x0 linker stubs

.v4_bx          0x0000000000000400        0x0
 .v4_bx         0x0000000000000400        0x0 linker stubs

.iplt           0x0000000000000400        0x0
 .iplt          0x0000000000000400        0x0 startup.o

.rel.dyn        0x0000000000000400        0x0
 .rel.iplt      0x0000000000000400        0x0 startup.o

.data           0x0000000020000000        0xc load address 0x0000000000000400
                0x0000000020000000                _S_DATA = .
 *(.data)
 .data          0x0000000020000000        0x0 startup.o
 .data          0x0000000020000000        0x4 MainAlgo.o
                0x0000000020000000                Threshold
 .data          0x0000000020000004        0x0 main.o
 .data          0x0000000020000004        0x4 Pressure_Sensor.o
                0x0000000020000004                P_sensor_pull_timer
 .data          0x0000000020000008        0x0 Alarm_Actuator.o
 .data          0x0000000020000008        0x0 driver.o
 .data          0x0000000020000008        0x4 Alarm_Monitor.o
                0x0000000020000008                Alarm_Timer
                0x000000002000000c                . = ALIGN (0x4)
                0x000000002000000c                _E_DATA = .

.igot.plt       0x000000002000000c        0x0 load address 0x000000000000040c
 .igot.plt      0x000000002000000c        0x0 startup.o

.bss            0x000000002000000c      0x41c load address 0x000000000000040c
                0x000000002000000c                _S_bss = .
 *(.bss*)
 .bss           0x000000002000000c      0x400 startup.o
 .bss           0x000000002000040c        0x4 MainAlgo.o
                0x000000002000040c                Main_Pval
 .bss           0x0000000020000410        0x0 main.o
 .bss           0x0000000020000410        0x4 Pressure_Sensor.o
                0x0000000020000410                Pval
 .bss           0x0000000020000414        0x0 Alarm_Actuator.o
 .bss           0x0000000020000414        0x0 driver.o
 .bss           0x0000000020000414        0x0 Alarm_Monitor.o
                0x0000000020000414                _E_bss = .
 COMMON         0x0000000020000414        0x6 MainAlgo.o
                0x0000000020000414                Pressure_State
                0x0000000020000418                Alarm_Monitor_State_t
                0x0000000020000419                Pressure_State_t
 COMMON         0x000000002000041a        0x2 main.o
                0x000000002000041a                Pressure_Sensor_State_t
                0x000000002000041b                Alarm_Actuator_State_t
 COMMON         0x000000002000041c        0x4 Pressure_Sensor.o
                0x000000002000041c                Pressure_Sensor_State
 COMMON         0x0000000020000420        0x4 Alarm_Actuator.o
                0x0000000020000420                Alarm_Actuator_State
 COMMON         0x0000000020000424        0x4 Alarm_Monitor.o
                0x0000000020000424                Alarm_Monitor_State
LOAD startup.o
LOAD MainAlgo.o
LOAD main.o
LOAD Pressure_Sensor.o
LOAD Alarm_Actuator.o
LOAD driver.o
LOAD Alarm_Monitor.o
OUTPUT(Project_1_Eldeeb.elf elf32-littlearm)

.debug_info     0x0000000000000000     0x3f9b
 .debug_info    0x0000000000000000      0x180 startup.o
 .debug_info    0x0000000000000180      0xa7a MainAlgo.o
 .debug_info    0x0000000000000bfa      0xa9a main.o
 .debug_info    0x0000000000001694      0xa64 Pressure_Sensor.o
 .debug_info    0x00000000000020f8      0xa31 Alarm_Actuator.o
 .debug_info    0x0000000000002b29      0xa05 driver.o
 .debug_info    0x000000000000352e      0xa6d Alarm_Monitor.o

.debug_abbrev   0x0000000000000000      0xc0f
 .debug_abbrev  0x0000000000000000       0xc6 startup.o
 .debug_abbrev  0x00000000000000c6      0x1f2 MainAlgo.o
 .debug_abbrev  0x00000000000002b8      0x1d6 main.o
 .debug_abbrev  0x000000000000048e      0x1e1 Pressure_Sensor.o
 .debug_abbrev  0x000000000000066f      0x1e1 Alarm_Actuator.o
 .debug_abbrev  0x0000000000000850      0x1de driver.o
 .debug_abbrev  0x0000000000000a2e      0x1e1 Alarm_Monitor.o

.debug_loc      0x0000000000000000      0x550
 .debug_loc     0x0000000000000000       0x7c startup.o
 .debug_loc     0x000000000000007c       0xb4 MainAlgo.o
 .debug_loc     0x0000000000000130       0x58 main.o
 .debug_loc     0x0000000000000188       0x9c Pressure_Sensor.o
 .debug_loc     0x0000000000000224      0x124 Alarm_Actuator.o
 .debug_loc     0x0000000000000348      0x140 driver.o
 .debug_loc     0x0000000000000488       0xc8 Alarm_Monitor.o

.debug_aranges  0x0000000000000000       0xe0
 .debug_aranges
                0x0000000000000000       0x20 startup.o
 .debug_aranges
                0x0000000000000020       0x20 MainAlgo.o
 .debug_aranges
                0x0000000000000040       0x20 main.o
 .debug_aranges
                0x0000000000000060       0x20 Pressure_Sensor.o
 .debug_aranges
                0x0000000000000080       0x20 Alarm_Actuator.o
 .debug_aranges
                0x00000000000000a0       0x20 driver.o
 .debug_aranges
                0x00000000000000c0       0x20 Alarm_Monitor.o

.debug_line     0x0000000000000000      0xda3
 .debug_line    0x0000000000000000       0x69 startup.o
 .debug_line    0x0000000000000069      0x208 MainAlgo.o
 .debug_line    0x0000000000000271      0x247 main.o
 .debug_line    0x00000000000004b8      0x20d Pressure_Sensor.o
 .debug_line    0x00000000000006c5      0x200 Alarm_Actuator.o
 .debug_line    0x00000000000008c5      0x2ca driver.o
 .debug_line    0x0000000000000b8f      0x214 Alarm_Monitor.o

.debug_str      0x0000000000000000      0x85f
 .debug_str     0x0000000000000000      0x186 startup.o
                                        0x1ba (size before relaxing)
 .debug_str     0x0000000000000186      0x4b3 MainAlgo.o
                                        0x64a (size before relaxing)
 .debug_str     0x0000000000000639       0x9c main.o
                                        0x683 (size before relaxing)
 .debug_str     0x00000000000006d5       0x6f Pressure_Sensor.o
                                        0x645 (size before relaxing)
 .debug_str     0x0000000000000744       0x51 Alarm_Actuator.o
                                        0x5af (size before relaxing)
 .debug_str     0x0000000000000795       0x57 driver.o
                                        0x581 (size before relaxing)
 .debug_str     0x00000000000007ec       0x73 Alarm_Monitor.o
                                        0x634 (size before relaxing)

.comment        0x0000000000000000       0x7b
 .comment       0x0000000000000000       0x7b startup.o
                                         0x7c (size before relaxing)
 .comment       0x000000000000007b       0x7c MainAlgo.o
 .comment       0x000000000000007b       0x7c main.o
 .comment       0x000000000000007b       0x7c Pressure_Sensor.o
 .comment       0x000000000000007b       0x7c Alarm_Actuator.o
 .comment       0x000000000000007b       0x7c driver.o
 .comment       0x000000000000007b       0x7c Alarm_Monitor.o

.ARM.attributes
                0x0000000000000000       0x33
 .ARM.attributes
                0x0000000000000000       0x33 startup.o
 .ARM.attributes
                0x0000000000000033       0x33 MainAlgo.o
 .ARM.attributes
                0x0000000000000066       0x33 main.o
 .ARM.attributes
                0x0000000000000099       0x33 Pressure_Sensor.o
 .ARM.attributes
                0x00000000000000cc       0x33 Alarm_Actuator.o
 .ARM.attributes
                0x00000000000000ff       0x33 driver.o
 .ARM.attributes
                0x0000000000000132       0x33 Alarm_Monitor.o

.debug_frame    0x0000000000000000      0x33c
 .debug_frame   0x0000000000000000       0x50 startup.o
 .debug_frame   0x0000000000000050       0x70 MainAlgo.o
 .debug_frame   0x00000000000000c0       0x48 main.o
 .debug_frame   0x0000000000000108       0x68 Pressure_Sensor.o
 .debug_frame   0x0000000000000170       0xa8 Alarm_Actuator.o
 .debug_frame   0x0000000000000218       0xa0 driver.o
 .debug_frame   0x00000000000002b8       0x84 Alarm_Monitor.o
