Archive member included to satisfy reference by file (symbol)

c:/st/stm32cubeide_1.4.0/stm32cubeide/plugins/com.st.stm32cube.ide.mcu.externaltools.gnu-tools-for-stm32.7-2018-q2-update.win32_1.4.0.202007081208/tools/bin/../lib/gcc/arm-none-eabi/7.3.1/../../../../arm-none-eabi/lib/thumb/v7-m\libc_nano.a(lib_a-errno.o)
                              Src/syscalls.o (__errno)
c:/st/stm32cubeide_1.4.0/stm32cubeide/plugins/com.st.stm32cube.ide.mcu.externaltools.gnu-tools-for-stm32.7-2018-q2-update.win32_1.4.0.202007081208/tools/bin/../lib/gcc/arm-none-eabi/7.3.1/../../../../arm-none-eabi/lib/thumb/v7-m\libc_nano.a(lib_a-exit.o)
                              c:/st/stm32cubeide_1.4.0/stm32cubeide/plugins/com.st.stm32cube.ide.mcu.externaltools.gnu-tools-for-stm32.7-2018-q2-update.win32_1.4.0.202007081208/tools/bin/../lib/gcc/arm-none-eabi/7.3.1/../../../../arm-none-eabi/lib/thumb/v7-m/crt0.o (exit)
c:/st/stm32cubeide_1.4.0/stm32cubeide/plugins/com.st.stm32cube.ide.mcu.externaltools.gnu-tools-for-stm32.7-2018-q2-update.win32_1.4.0.202007081208/tools/bin/../lib/gcc/arm-none-eabi/7.3.1/../../../../arm-none-eabi/lib/thumb/v7-m\libc_nano.a(lib_a-impure.o)
                              c:/st/stm32cubeide_1.4.0/stm32cubeide/plugins/com.st.stm32cube.ide.mcu.externaltools.gnu-tools-for-stm32.7-2018-q2-update.win32_1.4.0.202007081208/tools/bin/../lib/gcc/arm-none-eabi/7.3.1/../../../../arm-none-eabi/lib/thumb/v7-m\libc_nano.a(lib_a-exit.o) (_global_impure_ptr)
c:/st/stm32cubeide_1.4.0/stm32cubeide/plugins/com.st.stm32cube.ide.mcu.externaltools.gnu-tools-for-stm32.7-2018-q2-update.win32_1.4.0.202007081208/tools/bin/../lib/gcc/arm-none-eabi/7.3.1/../../../../arm-none-eabi/lib/thumb/v7-m\libc_nano.a(lib_a-init.o)
                              c:/st/stm32cubeide_1.4.0/stm32cubeide/plugins/com.st.stm32cube.ide.mcu.externaltools.gnu-tools-for-stm32.7-2018-q2-update.win32_1.4.0.202007081208/tools/bin/../lib/gcc/arm-none-eabi/7.3.1/../../../../arm-none-eabi/lib/thumb/v7-m/crt0.o (__libc_init_array)
c:/st/stm32cubeide_1.4.0/stm32cubeide/plugins/com.st.stm32cube.ide.mcu.externaltools.gnu-tools-for-stm32.7-2018-q2-update.win32_1.4.0.202007081208/tools/bin/../lib/gcc/arm-none-eabi/7.3.1/../../../../arm-none-eabi/lib/thumb/v7-m\libc_nano.a(lib_a-memset.o)
                              c:/st/stm32cubeide_1.4.0/stm32cubeide/plugins/com.st.stm32cube.ide.mcu.externaltools.gnu-tools-for-stm32.7-2018-q2-update.win32_1.4.0.202007081208/tools/bin/../lib/gcc/arm-none-eabi/7.3.1/../../../../arm-none-eabi/lib/thumb/v7-m/crt0.o (memset)

Allocating common symbols
Common symbol       size              file

Gl_AI2C_CFG         0x38              Stm32_F103C6_Drivers/stm32f103x8_I2C_driver.o
PinCfg              0x4               HAL/lcd.o
ch                  0x1               Src/main.o
GP_IRQ_CallBack     0x3c              Stm32_F103C6_Drivers/stm32f103x8_EXTI_driver.o

Discarded input sections

 .text          0x0000000000000000        0x0 c:/st/stm32cubeide_1.4.0/stm32cubeide/plugins/com.st.stm32cube.ide.mcu.externaltools.gnu-tools-for-stm32.7-2018-q2-update.win32_1.4.0.202007081208/tools/bin/../lib/gcc/arm-none-eabi/7.3.1/thumb/v7-m/crti.o
 .data          0x0000000000000000        0x0 c:/st/stm32cubeide_1.4.0/stm32cubeide/plugins/com.st.stm32cube.ide.mcu.externaltools.gnu-tools-for-stm32.7-2018-q2-update.win32_1.4.0.202007081208/tools/bin/../lib/gcc/arm-none-eabi/7.3.1/thumb/v7-m/crti.o
 .bss           0x0000000000000000        0x0 c:/st/stm32cubeide_1.4.0/stm32cubeide/plugins/com.st.stm32cube.ide.mcu.externaltools.gnu-tools-for-stm32.7-2018-q2-update.win32_1.4.0.202007081208/tools/bin/../lib/gcc/arm-none-eabi/7.3.1/thumb/v7-m/crti.o
 .data          0x0000000000000000        0x4 c:/st/stm32cubeide_1.4.0/stm32cubeide/plugins/com.st.stm32cube.ide.mcu.externaltools.gnu-tools-for-stm32.7-2018-q2-update.win32_1.4.0.202007081208/tools/bin/../lib/gcc/arm-none-eabi/7.3.1/thumb/v7-m/crtbegin.o
 .text          0x0000000000000000       0x74 c:/st/stm32cubeide_1.4.0/stm32cubeide/plugins/com.st.stm32cube.ide.mcu.externaltools.gnu-tools-for-stm32.7-2018-q2-update.win32_1.4.0.202007081208/tools/bin/../lib/gcc/arm-none-eabi/7.3.1/../../../../arm-none-eabi/lib/thumb/v7-m/crt0.o
 .data          0x0000000000000000        0x0 c:/st/stm32cubeide_1.4.0/stm32cubeide/plugins/com.st.stm32cube.ide.mcu.externaltools.gnu-tools-for-stm32.7-2018-q2-update.win32_1.4.0.202007081208/tools/bin/../lib/gcc/arm-none-eabi/7.3.1/../../../../arm-none-eabi/lib/thumb/v7-m/crt0.o
 .bss           0x0000000000000000        0x0 c:/st/stm32cubeide_1.4.0/stm32cubeide/plugins/com.st.stm32cube.ide.mcu.externaltools.gnu-tools-for-stm32.7-2018-q2-update.win32_1.4.0.202007081208/tools/bin/../lib/gcc/arm-none-eabi/7.3.1/../../../../arm-none-eabi/lib/thumb/v7-m/crt0.o
[...]
Memory Configuration

Name             Origin             Length             Attributes
RAM              0x0000000020000000 0x0000000000002800 xrw
ROM              0x0000000008000000 0x0000000000008000 xr
*default*        0x0000000000000000 0xffffffffffffffff

Linker script and memory map

LOAD c:/st/stm32cubeide_1.4.0/stm32cubeide/plugins/com.st.stm32cube.ide.mcu.externaltools.gnu-tools-for-stm32.7-2018-q2-update.win32_1.4.0.202007081208/tools/bin/../lib/gcc/arm-none-eabi/7.3.1/thumb/v7-m/crti.o
LOAD c:/st/stm32cubeide_1.4.0/stm32cubeide/plugins/com.st.stm32cube.ide.mcu.externaltools.gnu-tools-for-stm32.7-2018-q2-update.win32_1.4.0.202007081208/tools/bin/../lib/gcc/arm-none-eabi/7.3.1/thumb/v7-m/crtbegin.o
LOAD c:/st/stm32cubeide_1.4.0/stm32cubeide/plugins/com.st.stm32cube.ide.mcu.externaltools.gnu-tools-for-stm32.7-2018-q2-update.win32_1.4.0.202007081208/tools/bin/../lib/gcc/arm-none-eabi/7.3.1/../../../../arm-none-eabi/lib/thumb/v7-m/crt0.o
LOAD HAL/keypad.o
LOAD HAL/lcd.o
LOAD Src/main.o
LOAD Src/syscalls.o
LOAD Src/sysmem.o
LOAD Startup/startup_stm32f103c6tx.o
LOAD Stm32_F103C6_Drivers/GPIO/stm32f103x8_gpio_driver.o
LOAD Stm32_F103C6_Drivers/stm32f103x8_EXTI_driver.o
LOAD Stm32_F103C6_Drivers/stm32f103x8_I2C_driver.o
LOAD Stm32_F103C6_Drivers/stm32f103x8_RCC_driver.o
LOAD Stm32_F103C6_Drivers/stm32f103x8_SPI_driver.o
LOAD Stm32_F103C6_Drivers/stm32f103x8_USART_driver.o
START GROUP
LOAD c:/st/stm32cubeide_1.4.0/stm32cubeide/plugins/com.st.stm32cube.ide.mcu.externaltools.gnu-tools-for-stm32.7-2018-q2-update.win32_1.4.0.202007081208/tools/bin/../lib/gcc/arm-none-eabi/7.3.1/../../../../arm-none-eabi/lib/thumb/v7-m\libc_nano.a
LOAD c:/st/stm32cubeide_1.4.0/stm32cubeide/plugins/com.st.stm32cube.ide.mcu.externaltools.gnu-tools-for-stm32.7-2018-q2-update.win32_1.4.0.202007081208/tools/bin/../lib/gcc/arm-none-eabi/7.3.1/../../../../arm-none-eabi/lib/thumb/v7-m\libm.a
END GROUP
START GROUP
LOAD c:/st/stm32cubeide_1.4.0/stm32cubeide/plugins/com.st.stm32cube.ide.mcu.externaltools.gnu-tools-for-stm32.7-2018-q2-update.win32_1.4.0.202007081208/tools/bin/../lib/gcc/arm-none-eabi/7.3.1/thumb/v7-m\libgcc.a
LOAD c:/st/stm32cubeide_1.4.0/stm32cubeide/plugins/com.st.stm32cube.ide.mcu.externaltools.gnu-tools-for-stm32.7-2018-q2-update.win32_1.4.0.202007081208/tools/bin/../lib/gcc/arm-none-eabi/7.3.1/../../../../arm-none-eabi/lib/thumb/v7-m\libg_nano.a
LOAD c:/st/stm32cubeide_1.4.0/stm32cubeide/plugins/com.st.stm32cube.ide.mcu.externaltools.gnu-tools-for-stm32.7-2018-q2-update.win32_1.4.0.202007081208/tools/bin/../lib/gcc/arm-none-eabi/7.3.1/../../../../arm-none-eabi/lib/thumb/v7-m\libc_nano.a
END GROUP
START GROUP
LOAD c:/st/stm32cubeide_1.4.0/stm32cubeide/plugins/com.st.stm32cube.ide.mcu.externaltools.gnu-tools-for-stm32.7-2018-q2-update.win32_1.4.0.202007081208/tools/bin/../lib/gcc/arm-none-eabi/7.3.1/thumb/v7-m\libgcc.a
LOAD c:/st/stm32cubeide_1.4.0/stm32cubeide/plugins/com.st.stm32cube.ide.mcu.externaltools.gnu-tools-for-stm32.7-2018-q2-update.win32_1.4.0.202007081208/tools/bin/../lib/gcc/arm-none-eabi/7.3.1/../../../../arm-none-eabi/lib/thumb/v7-m\libc_nano.a
LOAD c:/st/stm32cubeide_1.4.0/stm32cubeide/plugins/com.st.stm32cube.ide.mcu.externaltools.gnu-tools-for-stm32.7-2018-q2-update.win32_1.4.0.202007081208/tools/bin/../lib/gcc/arm-none-eabi/7.3.1/../../../../arm-none-eabi/lib/thumb/v7-m\libnosys.a
END GROUP
START GROUP
LOAD c:/st/stm32cubeide_1.4.0/stm32cubeide/plugins/com.st.stm32cube.ide.mcu.externaltools.gnu-tools-for-stm32.7-2018-q2-update.win32_1.4.0.202007081208/tools/bin/../lib/gcc/arm-none-eabi/7.3.1/thumb/v7-m\libgcc.a
LOAD c:/st/stm32cubeide_1.4.0/stm32cubeide/plugins/com.st.stm32cube.ide.mcu.externaltools.gnu-tools-for-stm32.7-2018-q2-update.win32_1.4.0.202007081208/tools/bin/../lib/gcc/arm-none-eabi/7.3.1/../../../../arm-none-eabi/lib/thumb/v7-m\libc_nano.a
LOAD c:/st/stm32cubeide_1.4.0/stm32cubeide/plugins/com.st.stm32cube.ide.mcu.externaltools.gnu-tools-for-stm32.7-2018-q2-update.win32_1.4.0.202007081208/tools/bin/../lib/gcc/arm-none-eabi/7.3.1/../../../../arm-none-eabi/lib/thumb/v7-m\libnosys.a
END GROUP
LOAD c:/st/stm32cubeide_1.4.0/stm32cubeide/plugins/com.st.stm32cube.ide.mcu.externaltools.gnu-tools-for-stm32.7-2018-q2-update.win32_1.4.0.202007081208/tools/bin/../lib/gcc/arm-none-eabi/7.3.1/thumb/v7-m/crtend.o
LOAD c:/st/stm32cubeide_1.4.0/stm32cubeide/plugins/com.st.stm32cube.ide.mcu.externaltools.gnu-tools-for-stm32.7-2018-q2-update.win32_1.4.0.202007081208/tools/bin/../lib/gcc/arm-none-eabi/7.3.1/thumb/v7-m/crtn.o
                0x0000000020002800                _estack = (ORIGIN (RAM) + LENGTH (RAM))
                0x0000000000000200                _Min_Heap_Size = 0x200
                0x0000000000000400                _Min_Stack_Size = 0x400

.isr_vector     0x0000000008000000      0x130
                0x0000000008000000                . = ALIGN (0x4)
 *(.isr_vector)
 .isr_vector    0x0000000008000000      0x130 Startup/startup_stm32f103c6tx.o
                0x0000000008000000                g_pfnVectors
                0x0000000008000130                . = ALIGN (0x4)

.text           0x0000000008000130      0xf1c
                0x0000000008000130                . = ALIGN (0x4)
 *(.text)
 .text          0x0000000008000130       0x40 c:/st/stm32cubeide_1.4.0/stm32cubeide/plugins/com.st.stm32cube.ide.mcu.externaltools.gnu-tools-for-stm32.7-2018-q2-update.win32_1.4.0.202007081208/tools/bin/../lib/gcc/arm-none-eabi/7.3.1/thumb/v7-m/crtbegin.o
 *(.text*)
 .text.clock_init
                0x0000000008000170       0x28 Src/main.o
                0x0000000008000170                clock_init
 .text.Eldeeb_UART_IRQ_CallBack
                0x0000000008000198        0xc Src/main.o
                0x0000000008000198                Eldeeb_UART_IRQ_CallBack
 .text.main     0x00000000080001a4       0xa8 Src/main.o
                0x00000000080001a4                main
 .text.Reset_Handler
                0x000000000800024c       0x50 Startup/startup_stm32f103c6tx.o
                0x000000000800024c                Reset_Handler
 .text.Default_Handler
                0x000000000800029c        0x2 Startup/startup_stm32f103c6tx.o
                0x000000000800029c                TIM8_TRG_COM_IRQHandler
                0x000000000800029c                TIM8_CC_IRQHandler
                0x000000000800029c                DebugMon_Handler
                0x000000000800029c                TIM1_CC_IRQHandler
                0x000000000800029c                HardFault_Handler
                0x000000000800029c                TIM6_IRQHandler
                0x000000000800029c                SysTick_Handler
                0x000000000800029c                PVD_IRQHandler
                0x000000000800029c                SDIO_IRQHandler
                0x000000000800029c                PendSV_Handler
                0x000000000800029c                NMI_Handler
                0x000000000800029c                USB_HP_CAN_TX_IRQHandler
                0x000000000800029c                UsageFault_Handler
                0x000000000800029c                ADC1_2_IRQHandler
                0x000000000800029c                CAN_SCE_IRQHandler
                0x000000000800029c                TAMPER_IRQHandler
                0x000000000800029c                TIM8_UP_IRQHandler
                0x000000000800029c                DMA2_Channel2_IRQHandler
                0x000000000800029c                DMA1_Channel4_IRQHandler
                0x000000000800029c                RTC_IRQHandler
                0x000000000800029c                DMA1_Channel7_IRQHandler
                0x000000000800029c                UART5_IRQHandler
                0x000000000800029c                ADC3_IRQHandler
                0x000000000800029c                TIM4_IRQHandler
                0x000000000800029c                CAN_RX1_IRQHandler
                0x000000000800029c                DMA2_Channel1_IRQHandler
                0x000000000800029c                DMA1_Channel6_IRQHandler
                0x000000000800029c                UART4_IRQHandler
                0x000000000800029c                TIM3_IRQHandler
                0x000000000800029c                RCC_IRQHandler
                0x000000000800029c                TIM1_TRG_COM_IRQHandler
                0x000000000800029c                DMA1_Channel1_IRQHandler
                0x000000000800029c                Default_Handler
                0x000000000800029c                TIM7_IRQHandler
                0x000000000800029c                TIM5_IRQHandler
                0x000000000800029c                USB_LP_CAN_RX0_IRQHandler
                0x000000000800029c                MemManage_Handler
                0x000000000800029c                SVC_Handler
                0x000000000800029c                DMA1_Channel5_IRQHandler
                0x000000000800029c                DMA1_Channel3_IRQHandler
                0x000000000800029c                FSMC_IRQHandler
                0x000000000800029c                TIM1_UP_IRQHandler
                0x000000000800029c                WWDG_IRQHandler
                0x000000000800029c                TIM2_IRQHandler
                0x000000000800029c                TIM1_BRK_IRQHandler
                0x000000000800029c                RTCAlarm_IRQHandler
                0x000000000800029c                DMA2_Channel4_5_IRQHandler
                0x000000000800029c                DMA1_Channel2_IRQHandler
                0x000000000800029c                TIM8_BRK_IRQHandler
                0x000000000800029c                FLASH_IRQHandler
                0x000000000800029c                BusFault_Handler
                0x000000000800029c                SPI3_IRQHandler
                0x000000000800029c                DMA2_Channel3_IRQHandler
 .text.Get_CRLH_Position
                0x000000000800029e       0xc6 Stm32_F103C6_Drivers/GPIO/stm32f103x8_gpio_driver.o
                0x000000000800029e                Get_CRLH_Position
 .text.MCAL_GPIO_Init
                0x0000000008000364      0x154 Stm32_F103C6_Drivers/GPIO/stm32f103x8_gpio_driver.o
                0x0000000008000364                MCAL_GPIO_Init
 .text.MCAL_GPIO_WritePin
                0x00000000080004b8       0x2e Stm32_F103C6_Drivers/GPIO/stm32f103x8_gpio_driver.o
                0x00000000080004b8                MCAL_GPIO_WritePin
 *fill*         0x00000000080004e6        0x2 
 .text.EXTI0_IRQHandler
                0x00000000080004e8       0x24 Stm32_F103C6_Drivers/stm32f103x8_EXTI_driver.o
                0x00000000080004e8                EXTI0_IRQHandler
 .text.EXTI1_IRQHandler
                0x000000000800050c       0x24 Stm32_F103C6_Drivers/stm32f103x8_EXTI_driver.o
                0x000000000800050c                EXTI1_IRQHandler
 .text.EXTI2_IRQHandler
                0x0000000008000530       0x24 Stm32_F103C6_Drivers/stm32f103x8_EXTI_driver.o
                0x0000000008000530                EXTI2_IRQHandler
 .text.EXTI3_IRQHandler
                0x0000000008000554       0x24 Stm32_F103C6_Drivers/stm32f103x8_EXTI_driver.o
                0x0000000008000554                EXTI3_IRQHandler
 .text.EXTI4_IRQHandler
                0x0000000008000578       0x24 Stm32_F103C6_Drivers/stm32f103x8_EXTI_driver.o
                0x0000000008000578                EXTI4_IRQHandler
 .text.EXTI9_5_IRQHandler
                0x000000000800059c       0xa8 Stm32_F103C6_Drivers/stm32f103x8_EXTI_driver.o
                0x000000000800059c                EXTI9_5_IRQHandler
 .text.EXTI15_10_IRQHandler
                0x0000000008000644       0xc4 Stm32_F103C6_Drivers/stm32f103x8_EXTI_driver.o
                0x0000000008000644                EXTI15_10_IRQHandler
 .text.Slave_States
                0x0000000008000708       0xe0 Stm32_F103C6_Drivers/stm32f103x8_I2C_driver.o
                0x0000000008000708                Slave_States
 .text.I2C1_EV_IRQHandler
                0x00000000080007e8       0xe4 Stm32_F103C6_Drivers/stm32f103x8_I2C_driver.o
                0x00000000080007e8                I2C1_EV_IRQHandler
 .text.I2C1_ER_IRQHandler
                0x00000000080008cc        0xc Stm32_F103C6_Drivers/stm32f103x8_I2C_driver.o
                0x00000000080008cc                I2C1_ER_IRQHandler
 .text.I2C2_EV_IRQHandler
                0x00000000080008d8        0xc Stm32_F103C6_Drivers/stm32f103x8_I2C_driver.o
                0x00000000080008d8                I2C2_EV_IRQHandler
 .text.I2C2_ER_IRQHandler
                0x00000000080008e4        0xc Stm32_F103C6_Drivers/stm32f103x8_I2C_driver.o
                0x00000000080008e4                I2C2_ER_IRQHandler
 .text.MCAL_RCC_GetSYS_CLCKFreq
                0x00000000080008f0       0x3c Stm32_F103C6_Drivers/stm32f103x8_RCC_driver.o
                0x00000000080008f0                MCAL_RCC_GetSYS_CLCKFreq
 .text.MCAL_RCC_GetHCLKFreq
                0x000000000800092c       0x28 Stm32_F103C6_Drivers/stm32f103x8_RCC_driver.o
                0x000000000800092c                MCAL_RCC_GetHCLKFreq
 .text.MCAL_RCC_GetPCLK1Freq
                0x0000000008000954       0x28 Stm32_F103C6_Drivers/stm32f103x8_RCC_driver.o
                0x0000000008000954                MCAL_RCC_GetPCLK1Freq
 .text.MCAL_RCC_GetPCLK2Freq
                0x000000000800097c       0x28 Stm32_F103C6_Drivers/stm32f103x8_RCC_driver.o
                0x000000000800097c                MCAL_RCC_GetPCLK2Freq
 .text.MCAL_SPI_Init
                0x00000000080009a4      0x118 Stm32_F103C6_Drivers/stm32f103x8_SPI_driver.o
                0x00000000080009a4                MCAL_SPI_Init
 .text.MCAL_SPI_GPIO_Set_Pins
                0x0000000008000abc      0x1ec Stm32_F103C6_Drivers/stm32f103x8_SPI_driver.o
                0x0000000008000abc                MCAL_SPI_GPIO_Set_Pins
 .text.SPI1_IRQHandler
                0x0000000008000ca8       0x5c Stm32_F103C6_Drivers/stm32f103x8_SPI_driver.o
                0x0000000008000ca8                SPI1_IRQHandler
 .text.SPI2_IRQHandler
                0x0000000008000d04       0x5c Stm32_F103C6_Drivers/stm32f103x8_SPI_driver.o
                0x0000000008000d04                SPI2_IRQHandler
 .text.MCAL_UART_Init
                0x0000000008000d60      0x184 Stm32_F103C6_Drivers/stm32f103x8_USART_driver.o
                0x0000000008000d60                MCAL_UART_Init
 .text.MCAL_UART_GPIO_Set_Pins
                0x0000000008000ee4       0xcc Stm32_F103C6_Drivers/stm32f103x8_USART_driver.o
                0x0000000008000ee4                MCAL_UART_GPIO_Set_Pins
 .text.USART1_IRQHandler
                0x0000000008000fb0       0x14 Stm32_F103C6_Drivers/stm32f103x8_USART_driver.o
                0x0000000008000fb0                USART1_IRQHandler
 .text.USART2_IRQHandler
                0x0000000008000fc4       0x14 Stm32_F103C6_Drivers/stm32f103x8_USART_driver.o
                0x0000000008000fc4                USART2_IRQHandler
 .text.USART3_IRQHandler
                0x0000000008000fd8       0x14 Stm32_F103C6_Drivers/stm32f103x8_USART_driver.o
                0x0000000008000fd8                USART3_IRQHandler
 .text.__libc_init_array
                0x0000000008000fec       0x48 c:/st/stm32cubeide_1.4.0/stm32cubeide/plugins/com.st.stm32cube.ide.mcu.externaltools.gnu-tools-for-stm32.7-2018-q2-update.win32_1.4.0.202007081208/tools/bin/../lib/gcc/arm-none-eabi/7.3.1/../../../../arm-none-eabi/lib/thumb/v7-m\libc_nano.a(lib_a-init.o)
                0x0000000008000fec                __libc_init_array
 *(.glue_7)
 .glue_7        0x0000000008001034        0x0 linker stubs
 *(.glue_7t)
 .glue_7t       0x0000000008001034        0x0 linker stubs
 *(.eh_frame)
 .eh_frame      0x0000000008001034        0x0 c:/st/stm32cubeide_1.4.0/stm32cubeide/plugins/com.st.stm32cube.ide.mcu.externaltools.gnu-tools-for-stm32.7-2018-q2-update.win32_1.4.0.202007081208/tools/bin/../lib/gcc/arm-none-eabi/7.3.1/thumb/v7-m/crtbegin.o
 *(.init)
 .init          0x0000000008001034        0x4 c:/st/stm32cubeide_1.4.0/stm32cubeide/plugins/com.st.stm32cube.ide.mcu.externaltools.gnu-tools-for-stm32.7-2018-q2-update.win32_1.4.0.202007081208/tools/bin/../lib/gcc/arm-none-eabi/7.3.1/thumb/v7-m/crti.o
                0x0000000008001034                _init
 .init          0x0000000008001038        0x8 c:/st/stm32cubeide_1.4.0/stm32cubeide/plugins/com.st.stm32cube.ide.mcu.externaltools.gnu-tools-for-stm32.7-2018-q2-update.win32_1.4.0.202007081208/tools/bin/../lib/gcc/arm-none-eabi/7.3.1/thumb/v7-m/crtn.o
 *(.fini)
 .fini          0x0000000008001040        0x4 c:/st/stm32cubeide_1.4.0/stm32cubeide/plugins/com.st.stm32cube.ide.mcu.externaltools.gnu-tools-for-stm32.7-2018-q2-update.win32_1.4.0.202007081208/tools/bin/../lib/gcc/arm-none-eabi/7.3.1/thumb/v7-m/crti.o
                0x0000000008001040                _fini
 .fini          0x0000000008001044        0x8 c:/st/stm32cubeide_1.4.0/stm32cubeide/plugins/com.st.stm32cube.ide.mcu.externaltools.gnu-tools-for-stm32.7-2018-q2-update.win32_1.4.0.202007081208/tools/bin/../lib/gcc/arm-none-eabi/7.3.1/thumb/v7-m/crtn.o
                0x000000000800104c                . = ALIGN (0x4)
                0x000000000800104c                _etext = .

.vfp11_veneer   0x000000000800104c        0x0
 .vfp11_veneer  0x000000000800104c        0x0 linker stubs

.v4_bx          0x000000000800104c        0x0
 .v4_bx         0x000000000800104c        0x0 linker stubs

.iplt           0x000000000800104c        0x0
 .iplt          0x000000000800104c        0x0 c:/st/stm32cubeide_1.4.0/stm32cubeide/plugins/com.st.stm32cube.ide.mcu.externaltools.gnu-tools-for-stm32.7-2018-q2-update.win32_1.4.0.202007081208/tools/bin/../lib/gcc/arm-none-eabi/7.3.1/thumb/v7-m/crtbegin.o

.rodata         0x000000000800104c       0x18
                0x000000000800104c                . = ALIGN (0x4)
 *(.rodata)
 *(.rodata*)
 .rodata.APBPrescTable
                0x000000000800104c        0x8 Stm32_F103C6_Drivers/stm32f103x8_RCC_driver.o
                0x000000000800104c                APBPrescTable
 .rodata.AHBPrescTable
                0x0000000008001054       0x10 Stm32_F103C6_Drivers/stm32f103x8_RCC_driver.o
                0x0000000008001054                AHBPrescTable
                0x0000000008001064                . = ALIGN (0x4)

.rel.dyn        0x0000000008001064        0x0
 .rel.iplt      0x0000000008001064        0x0 c:/st/stm32cubeide_1.4.0/stm32cubeide/plugins/com.st.stm32cube.ide.mcu.externaltools.gnu-tools-for-stm32.7-2018-q2-update.win32_1.4.0.202007081208/tools/bin/../lib/gcc/arm-none-eabi/7.3.1/thumb/v7-m/crtbegin.o

.ARM.extab      0x0000000008001064        0x0
                0x0000000008001064                . = ALIGN (0x4)
 *(.ARM.extab* .gnu.linkonce.armextab.*)
                0x0000000008001064                . = ALIGN (0x4)

.ARM            0x0000000008001064        0x0
                0x0000000008001064                . = ALIGN (0x4)
                0x0000000008001064                __exidx_start = .
 *(.ARM.exidx*)
                0x0000000008001064                __exidx_end = .
                0x0000000008001064                . = ALIGN (0x4)

.preinit_array  0x0000000008001064        0x0
                0x0000000008001064                . = ALIGN (0x4)
                0x0000000008001064                PROVIDE (__preinit_array_start = .)
 *(.preinit_array*)
                0x0000000008001064                PROVIDE (__preinit_array_end = .)
                0x0000000008001064                . = ALIGN (0x4)

.init_array     0x0000000008001064        0x4
                0x0000000008001064                . = ALIGN (0x4)
                0x0000000008001064                PROVIDE (__init_array_start = .)
 *(SORT_BY_NAME(.init_array.*))
 *(.init_array*)
 .init_array    0x0000000008001064        0x4 c:/st/stm32cubeide_1.4.0/stm32cubeide/plugins/com.st.stm32cube.ide.mcu.externaltools.gnu-tools-for-stm32.7-2018-q2-update.win32_1.4.0.202007081208/tools/bin/../lib/gcc/arm-none-eabi/7.3.1/thumb/v7-m/crtbegin.o
                0x0000000008001068                PROVIDE (__init_array_end = .)
                0x0000000008001068                . = ALIGN (0x4)

.fini_array     0x0000000008001068        0x4
                0x0000000008001068                . = ALIGN (0x4)
                [!provide]                        PROVIDE (__fini_array_start = .)
 *(SORT_BY_NAME(.fini_array.*))
 *(.fini_array*)
 .fini_array    0x0000000008001068        0x4 c:/st/stm32cubeide_1.4.0/stm32cubeide/plugins/com.st.stm32cube.ide.mcu.externaltools.gnu-tools-for-stm32.7-2018-q2-update.win32_1.4.0.202007081208/tools/bin/../lib/gcc/arm-none-eabi/7.3.1/thumb/v7-m/crtbegin.o
                [!provide]                        PROVIDE (__fini_array_end = .)
                0x000000000800106c                . = ALIGN (0x4)
                0x000000000800106c                _sidata = LOADADDR (.data)

.data           0x0000000020000000        0x0 load address 0x000000000800106c
                0x0000000020000000                . = ALIGN (0x4)
                0x0000000020000000                _sdata = .
 *(.data)
 *(.data*)
                0x0000000020000000                . = ALIGN (0x4)
                0x0000000020000000                _edata = .

.igot.plt       0x0000000020000000        0x0 load address 0x000000000800106c
 .igot.plt      0x0000000020000000        0x0 c:/st/stm32cubeide_1.4.0/stm32cubeide/plugins/com.st.stm32cube.ide.mcu.externaltools.gnu-tools-for-stm32.7-2018-q2-update.win32_1.4.0.202007081208/tools/bin/../lib/gcc/arm-none-eabi/7.3.1/thumb/v7-m/crtbegin.o
                0x0000000020000000                . = ALIGN (0x4)

.bss            0x0000000020000000       0x9c load address 0x000000000800106c
                0x0000000020000000                _sbss = .
                0x0000000020000000                __bss_start__ = _sbss
 *(.bss)
 .bss           0x0000000020000000       0x1c c:/st/stm32cubeide_1.4.0/stm32cubeide/plugins/com.st.stm32cube.ide.mcu.externaltools.gnu-tools-for-stm32.7-2018-q2-update.win32_1.4.0.202007081208/tools/bin/../lib/gcc/arm-none-eabi/7.3.1/thumb/v7-m/crtbegin.o
 *(.bss*)
 .bss.Global_SPI_Config
                0x000000002000001c        0x8 Stm32_F103C6_Drivers/stm32f103x8_SPI_driver.o
                0x000000002000001c                Global_SPI_Config
 .bss.Global_UART_Config
                0x0000000020000024        0x4 Stm32_F103C6_Drivers/stm32f103x8_USART_driver.o
                0x0000000020000024                Global_UART_Config
 *(COMMON)
 COMMON         0x0000000020000028       0x3c Stm32_F103C6_Drivers/stm32f103x8_EXTI_driver.o
                0x0000000020000028                GP_IRQ_CallBack
 COMMON         0x0000000020000064       0x38 Stm32_F103C6_Drivers/stm32f103x8_I2C_driver.o
                0x0000000020000064                Gl_AI2C_CFG
                0x000000002000009c                . = ALIGN (0x4)
                0x000000002000009c                _ebss = .
                0x000000002000009c                __bss_end__ = _ebss

._user_heap_stack
                0x000000002000009c      0x604 load address 0x000000000800106c
                0x00000000200000a0                . = ALIGN (0x8)
 *fill*         0x000000002000009c        0x4 
                [!provide]                        PROVIDE (end = .)
                0x00000000200000a0                PROVIDE (_end = .)
                0x00000000200002a0                . = (. + _Min_Heap_Size)
 *fill*         0x00000000200000a0      0x200 
                0x00000000200006a0                . = (. + _Min_Stack_Size)
 *fill*         0x00000000200002a0      0x400 
                0x00000000200006a0                . = ALIGN (0x8)

/DISCARD/
 libc.a(*)
 libm.a(*)
 libgcc.a(*)

.ARM.attributes
                0x0000000000000000       0x29
 *(.ARM.attributes)
 .ARM.attributes
                0x0000000000000000       0x1d c:/st/stm32cubeide_1.4.0/stm32cubeide/plugins/com.st.stm32cube.ide.mcu.externaltools.gnu-tools-for-stm32.7-2018-q2-update.win32_1.4.0.202007081208/tools/bin/../lib/gcc/arm-none-eabi/7.3.1/thumb/v7-m/crti.o
 .ARM.attributes
                0x000000000000001d       0x2d c:/st/stm32cubeide_1.4.0/stm32cubeide/plugins/com.st.stm32cube.ide.mcu.externaltools.gnu-tools-for-stm32.7-2018-q2-update.win32_1.4.0.202007081208/tools/bin/../lib/gcc/arm-none-eabi/7.3.1/thumb/v7-m/crtbegin.o
 .ARM.attributes
                0x000000000000004a       0x33 Src/main.o
 .ARM.attributes
                0x000000000000007d       0x21 Startup/startup_stm32f103c6tx.o
 .ARM.attributes
                0x000000000000009e       0x33 Stm32_F103C6_Drivers/GPIO/stm32f103x8_gpio_driver.o
 .ARM.attributes
                0x00000000000000d1       0x33 Stm32_F103C6_Drivers/stm32f103x8_EXTI_driver.o
 .ARM.attributes
                0x0000000000000104       0x33 Stm32_F103C6_Drivers/stm32f103x8_I2C_driver.o
 .ARM.attributes
                0x0000000000000137       0x33 Stm32_F103C6_Drivers/stm32f103x8_RCC_driver.o
 .ARM.attributes
                0x000000000000016a       0x33 Stm32_F103C6_Drivers/stm32f103x8_SPI_driver.o
 .ARM.attributes
                0x000000000000019d       0x33 Stm32_F103C6_Drivers/stm32f103x8_USART_driver.o
 .ARM.attributes
                0x00000000000001d0       0x2d c:/st/stm32cubeide_1.4.0/stm32cubeide/plugins/com.st.stm32cube.ide.mcu.externaltools.gnu-tools-for-stm32.7-2018-q2-update.win32_1.4.0.202007081208/tools/bin/../lib/gcc/arm-none-eabi/7.3.1/../../../../arm-none-eabi/lib/thumb/v7-m\libc_nano.a(lib_a-init.o)
 .ARM.attributes
                0x00000000000001fd       0x1d c:/st/stm32cubeide_1.4.0/stm32cubeide/plugins/com.st.stm32cube.ide.mcu.externaltools.gnu-tools-for-stm32.7-2018-q2-update.win32_1.4.0.202007081208/tools/bin/../lib/gcc/arm-none-eabi/7.3.1/thumb/v7-m/crtn.o
OUTPUT(Drivers.elf elf32-littlearm)

.debug_info     0x0000000000000000     0x6682
 .debug_info    0x0000000000000000      0xeea Src/main.o
 .debug_info    0x0000000000000eea       0x22 Startup/startup_stm32f103c6tx.o
 .debug_info    0x0000000000000f0c      0xd79 Stm32_F103C6_Drivers/GPIO/stm32f103x8_gpio_driver.o
 .debug_info    0x0000000000001c85      0xdbf Stm32_F103C6_Drivers/stm32f103x8_EXTI_driver.o
 .debug_info    0x0000000000002a44     0x139b Stm32_F103C6_Drivers/stm32f103x8_I2C_driver.o
 .debug_info    0x0000000000003ddf      0xb25 Stm32_F103C6_Drivers/stm32f103x8_RCC_driver.o
 .debug_info    0x0000000000004904      0xf5b Stm32_F103C6_Drivers/stm32f103x8_SPI_driver.o
 .debug_info    0x000000000000585f      0xe23 Stm32_F103C6_Drivers/stm32f103x8_USART_driver.o

.debug_abbrev   0x0000000000000000      0xfcc
 .debug_abbrev  0x0000000000000000      0x267 Src/main.o
 .debug_abbrev  0x0000000000000267       0x12 Startup/startup_stm32f103c6tx.o
 .debug_abbrev  0x0000000000000279      0x232 Stm32_F103C6_Drivers/GPIO/stm32f103x8_gpio_driver.o
 .debug_abbrev  0x00000000000004ab      0x210 Stm32_F103C6_Drivers/stm32f103x8_EXTI_driver.o
 .debug_abbrev  0x00000000000006bb      0x2cd Stm32_F103C6_Drivers/stm32f103x8_I2C_driver.o
 .debug_abbrev  0x0000000000000988      0x19b Stm32_F103C6_Drivers/stm32f103x8_RCC_driver.o
 .debug_abbrev  0x0000000000000b23      0x26a Stm32_F103C6_Drivers/stm32f103x8_SPI_driver.o
 .debug_abbrev  0x0000000000000d8d      0x23f Stm32_F103C6_Drivers/stm32f103x8_USART_driver.o

.debug_loc      0x0000000000000000     0x133c
 .debug_loc     0x0000000000000000      0x16c Src/main.o
 .debug_loc     0x000000000000016c      0x330 Stm32_F103C6_Drivers/GPIO/stm32f103x8_gpio_driver.o
 .debug_loc     0x000000000000049c      0x320 Stm32_F103C6_Drivers/stm32f103x8_EXTI_driver.o
 .debug_loc     0x00000000000007bc      0x574 Stm32_F103C6_Drivers/stm32f103x8_I2C_driver.o
 .debug_loc     0x0000000000000d30       0xc8 Stm32_F103C6_Drivers/stm32f103x8_RCC_driver.o
 .debug_loc     0x0000000000000df8      0x2b0 Stm32_F103C6_Drivers/stm32f103x8_SPI_driver.o
 .debug_loc     0x00000000000010a8      0x294 Stm32_F103C6_Drivers/stm32f103x8_USART_driver.o

.debug_aranges  0x0000000000000000      0x2d8
 .debug_aranges
                0x0000000000000000       0x40 Src/main.o
 .debug_aranges
                0x0000000000000040       0x28 Startup/startup_stm32f103c6tx.o
 .debug_aranges
                0x0000000000000068       0x60 Stm32_F103C6_Drivers/GPIO/stm32f103x8_gpio_driver.o
 .debug_aranges
                0x00000000000000c8       0x80 Stm32_F103C6_Drivers/stm32f103x8_EXTI_driver.o
 .debug_aranges
                0x0000000000000148       0xa0 Stm32_F103C6_Drivers/stm32f103x8_I2C_driver.o
 .debug_aranges
                0x00000000000001e8       0x38 Stm32_F103C6_Drivers/stm32f103x8_RCC_driver.o
 .debug_aranges
                0x0000000000000220       0x58 Stm32_F103C6_Drivers/stm32f103x8_SPI_driver.o
 .debug_aranges
                0x0000000000000278       0x60 Stm32_F103C6_Drivers/stm32f103x8_USART_driver.o

.debug_ranges   0x0000000000000000      0x260
 .debug_ranges  0x0000000000000000       0x30 Src/main.o
 .debug_ranges  0x0000000000000030       0x20 Startup/startup_stm32f103c6tx.o
 .debug_ranges  0x0000000000000050       0x50 Stm32_F103C6_Drivers/GPIO/stm32f103x8_gpio_driver.o
 .debug_ranges  0x00000000000000a0       0x70 Stm32_F103C6_Drivers/stm32f103x8_EXTI_driver.o
 .debug_ranges  0x0000000000000110       0x90 Stm32_F103C6_Drivers/stm32f103x8_I2C_driver.o
 .debug_ranges  0x00000000000001a0       0x28 Stm32_F103C6_Drivers/stm32f103x8_RCC_driver.o
 .debug_ranges  0x00000000000001c8       0x48 Stm32_F103C6_Drivers/stm32f103x8_SPI_driver.o
 .debug_ranges  0x0000000000000210       0x50 Stm32_F103C6_Drivers/stm32f103x8_USART_driver.o

.debug_macro    0x0000000000000000      0xf75
 .debug_macro   0x0000000000000000      0x17d Src/main.o
 .debug_macro   0x000000000000017d      0x228 Src/main.o
 .debug_macro   0x00000000000003a5       0x16 Src/main.o
 .debug_macro   0x00000000000003bb       0xe7 Src/main.o
 .debug_macro   0x00000000000004a2       0xc9 Src/main.o
 .debug_macro   0x000000000000056b      0x13f Stm32_F103C6_Drivers/GPIO/stm32f103x8_gpio_driver.o
 .debug_macro   0x00000000000006aa      0x152 Stm32_F103C6_Drivers/stm32f103x8_EXTI_driver.o
 .debug_macro   0x00000000000007fc       0xd6 Stm32_F103C6_Drivers/stm32f103x8_EXTI_driver.o
 .debug_macro   0x00000000000008d2      0x15d Stm32_F103C6_Drivers/stm32f103x8_I2C_driver.o
 .debug_macro   0x0000000000000a2f       0x83 Stm32_F103C6_Drivers/stm32f103x8_I2C_driver.o
 .debug_macro   0x0000000000000ab2      0x13f Stm32_F103C6_Drivers/stm32f103x8_RCC_driver.o
 .debug_macro   0x0000000000000bf1       0x10 Stm32_F103C6_Drivers/stm32f103x8_RCC_driver.o
 .debug_macro   0x0000000000000c01      0x160 Stm32_F103C6_Drivers/stm32f103x8_SPI_driver.o
 .debug_macro   0x0000000000000d61       0xc3 Stm32_F103C6_Drivers/stm32f103x8_SPI_driver.o
 .debug_macro   0x0000000000000e24      0x151 Stm32_F103C6_Drivers/stm32f103x8_USART_driver.o

.debug_line     0x0000000000000000     0x30b3
 .debug_line    0x0000000000000000      0x65e Src/main.o
 .debug_line    0x000000000000065e       0x84 Startup/startup_stm32f103c6tx.o
 .debug_line    0x00000000000006e2      0x6b7 Stm32_F103C6_Drivers/GPIO/stm32f103x8_gpio_driver.o
 .debug_line    0x0000000000000d99      0x754 Stm32_F103C6_Drivers/stm32f103x8_EXTI_driver.o
 .debug_line    0x00000000000014ed      0x842 Stm32_F103C6_Drivers/stm32f103x8_I2C_driver.o
 .debug_line    0x0000000000001d2f      0x5c1 Stm32_F103C6_Drivers/stm32f103x8_RCC_driver.o
 .debug_line    0x00000000000022f0      0x6ee Stm32_F103C6_Drivers/stm32f103x8_SPI_driver.o
 .debug_line    0x00000000000029de      0x6d5 Stm32_F103C6_Drivers/stm32f103x8_USART_driver.o

.debug_str      0x0000000000000000     0xc6ac
 .debug_str     0x0000000000000000     0xb7dc Src/main.o
                                       0xba6c (size before relaxing)
 .debug_str     0x000000000000b7dc       0x66 Startup/startup_stm32f103c6tx.o
 .debug_str     0x000000000000b842      0x120 Stm32_F103C6_Drivers/GPIO/stm32f103x8_gpio_driver.o
                                       0x99d0 (size before relaxing)
 .debug_str     0x000000000000b962      0x277 Stm32_F103C6_Drivers/stm32f103x8_EXTI_driver.o
                                       0xae22 (size before relaxing)
 .debug_str     0x000000000000bbd9      0x7a1 Stm32_F103C6_Drivers/stm32f103x8_I2C_driver.o
                                       0xa103 (size before relaxing)
 .debug_str     0x000000000000c37a       0xa7 Stm32_F103C6_Drivers/stm32f103x8_RCC_driver.o
                                       0x9562 (size before relaxing)
 .debug_str     0x000000000000c421      0x180 Stm32_F103C6_Drivers/stm32f103x8_SPI_driver.o
                                       0xa12d (size before relaxing)
 .debug_str     0x000000000000c5a1      0x10b Stm32_F103C6_Drivers/stm32f103x8_USART_driver.o
                                       0xa0ee (size before relaxing)

.comment        0x0000000000000000       0x7b
 .comment       0x0000000000000000       0x7b Src/main.o
                                         0x7c (size before relaxing)
 .comment       0x000000000000007b       0x7c Stm32_F103C6_Drivers/GPIO/stm32f103x8_gpio_driver.o
 .comment       0x000000000000007b       0x7c Stm32_F103C6_Drivers/stm32f103x8_EXTI_driver.o
 .comment       0x000000000000007b       0x7c Stm32_F103C6_Drivers/stm32f103x8_I2C_driver.o
 .comment       0x000000000000007b       0x7c Stm32_F103C6_Drivers/stm32f103x8_RCC_driver.o
 .comment       0x000000000000007b       0x7c Stm32_F103C6_Drivers/stm32f103x8_SPI_driver.o
 .comment       0x000000000000007b       0x7c Stm32_F103C6_Drivers/stm32f103x8_USART_driver.o

.debug_frame    0x0000000000000000      0x9a4
 .debug_frame   0x0000000000000000       0xbc Src/main.o
 .debug_frame   0x00000000000000bc      0x178 Stm32_F103C6_Drivers/GPIO/stm32f103x8_gpio_driver.o
 .debug_frame   0x0000000000000234      0x1b0 Stm32_F103C6_Drivers/stm32f103x8_EXTI_driver.o
 .debug_frame   0x00000000000003e4      0x284 Stm32_F103C6_Drivers/stm32f103x8_I2C_driver.o
 .debug_frame   0x0000000000000668       0x84 Stm32_F103C6_Drivers/stm32f103x8_RCC_driver.o
 .debug_frame   0x00000000000006ec      0x140 Stm32_F103C6_Drivers/stm32f103x8_SPI_driver.o
 .debug_frame   0x000000000000082c      0x14c Stm32_F103C6_Drivers/stm32f103x8_USART_driver.o
 .debug_frame   0x0000000000000978       0x2c c:/st/stm32cubeide_1.4.0/stm32cubeide/plugins/com.st.stm32cube.ide.mcu.externaltools.gnu-tools-for-stm32.7-2018-q2-update.win32_1.4.0.202007081208/tools/bin/../lib/gcc/arm-none-eabi/7.3.1/../../../../arm-none-eabi/lib/thumb/v7-m\libc_nano.a(lib_a-init.o)
