stm32f103x8_EXTI_driver.c:41:6:Enable_NVIC	16	static
stm32f103x8_EXTI_driver.c:80:6:Disable_NVIC	16	static
stm32f103x8_EXTI_driver.c:123:6:Update_EXTI	24	static
stm32f103x8_EXTI_driver.c:197:6:MCAL_EXTI_GPIO_DeInit	4	static
stm32f103x8_EXTI_driver.c:231:6:MCAL_EXTI_GPIO_Init	16	static
stm32f103x8_EXTI_driver.c:245:6:MCAL_EXTI_GPIO_Update	16	static
stm32f103x8_EXTI_driver.c:260:6:EXTI0_IRQHandler	8	static
stm32f103x8_EXTI_driver.c:268:6:EXTI1_IRQHandler	8	static
stm32f103x8_EXTI_driver.c:274:6:EXTI2_IRQHandler	8	static
stm32f103x8_EXTI_driver.c:280:6:EXTI3_IRQHandler	8	static
stm32f103x8_EXTI_driver.c:286:6:EXTI4_IRQHandler	8	static
stm32f103x8_EXTI_driver.c:291:6:EXTI9_5_IRQHandler	8	static
stm32f103x8_EXTI_driver.c:300:6:EXTI15_10_IRQHandler	8	static
