stm32f103x8_USART_driver.c:41:6:MCAL_UART_Init	24	static
stm32f103x8_USART_driver.c:125:6:MCAL_UART_DeInit	16	static
stm32f103x8_USART_driver.c:176:6:MCAL_UART_SendData	24	static
stm32f103x8_USART_driver.c:210:6:MCAL_UART_WAIT_TC	16	static
stm32f103x8_USART_driver.c:218:6:MCAL_UART_ReceiveData	24	static
stm32f103x8_USART_driver.c:271:6:MCAL_UART_GPIO_Set_Pins	24	static
stm32f103x8_USART_driver.c:398:6:USART1_IRQHandler	8	static
stm32f103x8_USART_driver.c:405:6:USART2_IRQHandler	8	static
stm32f103x8_USART_driver.c:410:6:USART3_IRQHandler	8	static
